$ git status	因为 LICENSE没有添加过，所以状态显示为：Untracked
On branch master	
Changes not staged for commit:	
  (use "git add <file>..." to update what will be committed)	
  (use "git checkout -- <file>..." to discard changes in working directory)	
	
    modified:   readme.txt	
	
Untracked files:	
  (use "git add <file>..." to include in what will be committed)	
	
    LICENSE	
	
no changes added to commit (use "git add" and/or "git commit -a")	
	
$ git add LICENSE	添加LICENSE
	
$ git status	 
On branch master	
Changes to be committed:	
  (use "git reset HEAD <file>..." to unstage)	
	
    new file:   LICENSE	
    modified:   readme.txt	
	
$ git checkout --readme.txt	撤销工作区的修改
	
$ git reset HEAD readme.txt	将暂存区的更新撤销
